2025-11-16 19:17:20,151 | INFO | HTTP Request: HEAD https://huggingface.co/datasets/benjamin-paine/imagenet-1k-128x128/resolve/main/README.md "HTTP/1.1 307 Temporary Redirect"
2025-11-16 19:17:20,159 | INFO | HTTP Request: HEAD https://huggingface.co/api/resolve-cache/datasets/benjamin-paine/imagenet-1k-128x128/dd3adfd6ecfb3ef3ae26205733bf5d9d5410643b/README.md "HTTP/1.1 200 OK"
2025-11-16 19:17:20,270 | INFO | HTTP Request: HEAD https://huggingface.co/datasets/benjamin-paine/imagenet-1k-128x128/resolve/dd3adfd6ecfb3ef3ae26205733bf5d9d5410643b/imagenet-1k-128x128.py "HTTP/1.1 404 Not Found"
2025-11-16 19:17:20,590 | INFO | HTTP Request: HEAD https://s3.amazonaws.com/datasets.huggingface.co/datasets/datasets/benjamin-paine/imagenet-1k-128x128/benjamin-paine/imagenet-1k-128x128.py "HTTP/1.1 404 Not Found"
2025-11-16 19:17:20,781 | INFO | HTTP Request: GET https://huggingface.co/api/datasets/benjamin-paine/imagenet-1k-128x128/revision/dd3adfd6ecfb3ef3ae26205733bf5d9d5410643b "HTTP/1.1 200 OK"
2025-11-16 19:17:20,890 | INFO | HTTP Request: HEAD https://huggingface.co/datasets/benjamin-paine/imagenet-1k-128x128/resolve/dd3adfd6ecfb3ef3ae26205733bf5d9d5410643b/.huggingface.yaml "HTTP/1.1 404 Not Found"
2025-11-16 19:17:21,028 | INFO | HTTP Request: GET https://datasets-server.huggingface.co/info?dataset=benjamin-paine/imagenet-1k-128x128 "HTTP/1.1 200 OK"
2025-11-16 19:17:21,166 | INFO | HTTP Request: GET https://huggingface.co/api/datasets/benjamin-paine/imagenet-1k-128x128/tree/dd3adfd6ecfb3ef3ae26205733bf5d9d5410643b/data?recursive=true&expand=false "HTTP/1.1 200 OK"
2025-11-16 19:17:21,286 | INFO | HTTP Request: GET https://huggingface.co/api/datasets/benjamin-paine/imagenet-1k-128x128/tree/dd3adfd6ecfb3ef3ae26205733bf5d9d5410643b?recursive=false&expand=false "HTTP/1.1 200 OK"
2025-11-16 19:17:21,402 | INFO | HTTP Request: HEAD https://huggingface.co/datasets/benjamin-paine/imagenet-1k-128x128/resolve/dd3adfd6ecfb3ef3ae26205733bf5d9d5410643b/dataset_infos.json "HTTP/1.1 404 Not Found"
2025-11-16 19:17:21,605 | INFO | HTTP Request: HEAD https://huggingface.co/datasets/benjamin-paine/imagenet-1k-128x128/resolve/main/README.md "HTTP/1.1 307 Temporary Redirect"
2025-11-16 19:17:21,610 | INFO | HTTP Request: HEAD https://huggingface.co/api/resolve-cache/datasets/benjamin-paine/imagenet-1k-128x128/dd3adfd6ecfb3ef3ae26205733bf5d9d5410643b/README.md "HTTP/1.1 200 OK"
2025-11-16 19:17:21,815 | INFO | HTTP Request: HEAD https://huggingface.co/datasets/benjamin-paine/imagenet-1k-128x128/resolve/dd3adfd6ecfb3ef3ae26205733bf5d9d5410643b/imagenet-1k-128x128.py "HTTP/1.1 404 Not Found"
2025-11-16 19:17:21,911 | INFO | HTTP Request: HEAD https://s3.amazonaws.com/datasets.huggingface.co/datasets/datasets/benjamin-paine/imagenet-1k-128x128/benjamin-paine/imagenet-1k-128x128.py "HTTP/1.1 404 Not Found"
2025-11-16 19:17:22,102 | INFO | HTTP Request: HEAD https://huggingface.co/datasets/benjamin-paine/imagenet-1k-128x128/resolve/dd3adfd6ecfb3ef3ae26205733bf5d9d5410643b/.huggingface.yaml "HTTP/1.1 404 Not Found"
2025-11-16 19:17:22,222 | INFO | HTTP Request: GET https://datasets-server.huggingface.co/info?dataset=benjamin-paine/imagenet-1k-128x128 "HTTP/1.1 200 OK"
2025-11-16 19:17:22,326 | INFO | HTTP Request: HEAD https://huggingface.co/datasets/benjamin-paine/imagenet-1k-128x128/resolve/dd3adfd6ecfb3ef3ae26205733bf5d9d5410643b/dataset_infos.json "HTTP/1.1 404 Not Found"
2025-11-16 19:17:22,365 | INFO | Dataset chargé: IMAGENET
2025-11-16 19:17:22,365 | INFO | Train: 4500 | Val: 500 | Test: 1000
2025-11-16 19:17:23,133 | INFO | Reprise depuis l'époque 7
2025-11-16 19:17:23,133 | WARNING | Aucune matrice de confusion n'a été sauvée. Le modèle n'a pas validé ?
2025-11-16 19:17:23,133 | INFO | Entraînement terminé avec succès.
2025-11-16 19:17:23,695 | INFO | Figures enregistrées dans le dossier plots/
2025-11-16 19:17:42,852 | INFO | Test terminé.
